Microchip MPLAB XC8 Compiler V1.33 ()

Linker command line:

--edf=C:\Program Files (x86)\Microchip\xc8\v1.33\dat\en_msgs.txt -cs \
  -h+16F88-ADC-LCD-XC8.sym --cmf=16F88-ADC-LCD-XC8.cmf -z -Q16F88 \
  -oC:\Users\3DR\AppData\Local\Temp\s5a8.6 -M16F88-ADC-LCD-XC8.map -E1 \
  -ver=XC8 -ASTACK=0110h-016fh -pstack=STACK -ACONST=00h-0FFhx16 \
  -ACODE=00h-07FFhx2 -ASTRCODE=00h-0FFFh -AENTRY=00h-0FFhx16 \
  -ASTRING=00h-0FFhx16 -ACOMMON=070h-07Fh -ABANK0=020h-06Fh \
  -ABANK1=0A0h-0EFh -ABANK2=0110h-016Fh -ABANK3=0190h-01EFh \
  -ARAM=020h-06Fh,0A0h-0EFh,0110h-016Fh,0190h-01EFh \
  -AABS1=020h-07Fh,0A0h-0EFh,0110h-016Fh,0190h-01EFh -ASFR0=00h-01Fh \
  -ASFR1=080h-09Fh -ASFR2=0100h-010Fh -ASFR3=0180h-018Fh \
  -preset_vec=00h,intentry,init,end_init -ppowerup=CODE -pcinit=CODE \
  -pfunctab=CODE -ACONFIG=02007h-02008h -pconfig=CONFIG -DCONFIG=2 \
  -AIDLOC=02000h-02003h -pidloc=IDLOC -DIDLOC=2 -AEEDATA=00h-0FFh/02100h \
  -peeprom_data=EEDATA -DEEDATA=2 -DCODE=2 -DSTRCODE=2 -DSTRING=2 -DCONST=2 \
  -DENTRY=2 -k startup.obj 16F88-ADC-LCD-XC8.obj 

Object code version is 3.11

Machine type is 16F88



                Name                               Link     Load   Length Selector   Space Scale
startup.obj     end_init                              0        0        2        0       0
                config                             2007     2007        2     400E       0
16F88-ADC-LCD-XC8.obj
                cinit                               7F7      7F7        9      FEE       0
                text27                              E60      E60       1A     1CC0       0
                text26                              E48      E48       18     1C90       0
                text25                              E02      E02        8     1C04       0
                text24                                7        7       46        E       0
                text23                              F6D      F6D       45     1EDA       0
                text22                              F3A      F3A       33     1E74       0
                text21                              EB0      EB0       1D     1D60       0
                text20                              108      108       68      210       0
                text19                              ECD      ECD       20     1D9A       0
                text18                              35A      35A       B7      6B4       0
                text17                               4D       4D       5D       9A       0
                text16                              411      411       D2      822       0
                text15                              E0A      E0A        8     1C14       0
                text14                              4E3      4E3      106      9C6       0
                text13                              E7A      E7A       1B     1CF4       0
                text12                              170      170       8E      2E0       0
                text11                              F10      F10       2A     1E20       0
                text10                               AA       AA       5E      154       0
                text9                               FB2      FB2       4E     1F64       0
                text8                               EED      EED       23     1DDA       0
                text7                               E26      E26        E     1C4C       0
                text6                               5E9      5E9      20E      BD2       0
                text5                               1FE      1FE       AB      3FC       0
                text4                               E95      E95       1B     1D2A       0
                text3                               E34      E34       14     1C68       0
                text2                                 3        3        4        6       0
                text1                               E1A      E1A        C     1C34       0
                maintext                            2A9      2A9       B1      552       0
                cstackBANK0                          20       20       40       20       1
                cstackCOMMON                         70       70        E       70       1
                clrtext                             E12      E12        8     1C24       0
                bssBANK1                             A0       A0       11       A0       1
                strings                             800      800       39     1000       0

TOTAL           Name                               Link     Load   Length     Space
        CLASS   STACK          

        CLASS   CONST          

        CLASS   CODE           
                end_init                              0        0        2         0
                cinit                               7F7      7F7        9         0
                text27                              E60      E60       1A         0
                text26                              E48      E48       18         0
                text25                              E02      E02        8         0
                text24                                7        7       46         0
                text23                              F6D      F6D       45         0
                text22                              F3A      F3A       33         0
                text21                              EB0      EB0       1D         0
                text20                              108      108       68         0
                text19                              ECD      ECD       20         0
                text18                              35A      35A       B7         0
                text17                               4D       4D       5D         0
                text16                              411      411       D2         0
                text15                              E0A      E0A        8         0
                text14                              4E3      4E3      106         0
                text13                              E7A      E7A       1B         0
                text12                              170      170       8E         0
                text11                              F10      F10       2A         0
                text10                               AA       AA       5E         0
                text9                               FB2      FB2       4E         0
                text8                               EED      EED       23         0
                text7                               E26      E26        E         0
                text6                               5E9      5E9      20E         0
                text5                               1FE      1FE       AB         0
                text4                               E95      E95       1B         0
                text3                               E34      E34       14         0
                text2                                 3        3        4         0
                text1                               E1A      E1A        C         0
                maintext                            2A9      2A9       B1         0
                clrtext                             E12      E12        8         0

        CLASS   STRCODE        

        CLASS   ENTRY          

        CLASS   STRING         
                strings                             800      800       39         0

        CLASS   COMMON         
                cstackCOMMON                         70       70        E         1

        CLASS   BANK0          
                cstackBANK0                          20       20       40         1

        CLASS   BANK1          
                bssBANK1                             A0       A0       11         1

        CLASS   BANK2          

        CLASS   BANK3          

        CLASS   RAM            

        CLASS   ABS1           
                abs_s1                               7E       7E        2         1

        CLASS   SFR0           

        CLASS   SFR1           

        CLASS   SFR2           

        CLASS   SFR3           

        CLASS   CONFIG         
                config                             2007     2007        2         0

        CLASS   IDLOC          

        CLASS   EEDATA         



SEGMENTS        Name                           Load    Length   Top    Selector   Space  Class     Delta

                reset_vec                      000000  000002  000002         0       0  CODE        2
                text2                          000003  000004  000007         6       0  CODE        2
                text24                         000007  000046  00004D         E       0  CODE        2
                cstackBANK0                    000020  000040  000060        20       1  BANK0       1
                cstackCOMMON                   000070  00000E  00007E        70       1  COMMON      1
                text17                         00004D  00005D  0000AA        9A       0  CODE        2
                bssBANK1                       0000A0  000011  0000B1        A0       1  BANK1       1
                text10                         0000AA  00005E  000108       154       0  CODE        2
                text20                         000108  000068  000170       210       0  CODE        2
                text12                         000170  00008E  0001FE       2E0       0  CODE        2
                text5                          0001FE  0000AB  0002A9       3FC       0  CODE        2
                maintext                       0002A9  0000B1  00035A       552       0  CODE        2
                text18                         00035A  0000B7  000411       6B4       0  CODE        2
                text16                         000411  0000D2  0004E3       822       0  CODE        2
                text14                         0004E3  000106  0005E9       9C6       0  CODE        2
                text6                          0005E9  00020E  0007F7       BD2       0  CODE        2
                cinit                          0007F7  000009  000800       FEE       0  CODE        2
                strings                        000800  000039  000839      1000       0  STRING      2
                text25                         000E02  000008  000E0A      1C04       0  CODE        2
                text15                         000E0A  000008  000E12      1C14       0  CODE        2
                clrtext                        000E12  000008  000E1A      1C24       0  CODE        2
                text1                          000E1A  00000C  000E26      1C34       0  CODE        2
                text7                          000E26  00000E  000E34      1C4C       0  CODE        2
                text3                          000E34  000014  000E48      1C68       0  CODE        2
                text26                         000E48  000018  000E60      1C90       0  CODE        2
                text27                         000E60  00001A  000E7A      1CC0       0  CODE        2
                text13                         000E7A  00001B  000E95      1CF4       0  CODE        2
                text4                          000E95  00001B  000EB0      1D2A       0  CODE        2
                text21                         000EB0  00001D  000ECD      1D60       0  CODE        2
                text19                         000ECD  000020  000EED      1D9A       0  CODE        2
                text8                          000EED  000023  000F10      1DDA       0  CODE        2
                text11                         000F10  00002A  000F3A      1E20       0  CODE        2
                text22                         000F3A  000033  000F6D      1E74       0  CODE        2
                text23                         000F6D  000045  000FB2      1EDA       0  CODE        2
                text9                          000FB2  00004E  001000      1F64       0  CODE        2
                config                         002007  000002  002009      400E       0  CONFIG      2


UNUSED ADDRESS RANGES

        Name                Unused          Largest block    Delta
        BANK0            0060-006F             10           1
        BANK1            00B1-00EF             3F           1
        BANK2            0110-016F             60           1
        BANK3            0190-01EF             60           1
        CODE             0002-0002              1           2
                         0839-0E01            5C9
        CONST            0002-0002              1           2
                         0839-0E01            100
        EEDATA           2100-21FF            100           2
        ENTRY            0002-0002              1           2
                         0839-0E01            100
        IDLOC            2000-2003              4           2
        RAM              0060-006F             10           1
                         00B1-00EF             3F
                         0110-016F             60
                         0190-01EF             60
        SFR0             0000-001F             20           1
        SFR1             0080-009F             20           1
        SFR2             0100-010F             10           1
        SFR3             0180-018F             10           1
        STACK            0110-016F             60           1
        STRCODE          0002-0002              1           2
                         0839-0E01            5C9
        STRING           0002-0002              1           2
                         0839-0E01            100

                                  Symbol Table

?___awtoft                     cstackCOMMON 0078
?___ftadd                      cstackCOMMON 0078
?___ftdiv                      cstackBANK0  0027
?___ftmul                      cstackBANK0  0020
?___ftneg                      cstackCOMMON 0070
?___ftpack                     cstackCOMMON 0070
?___ftsub                      cstackBANK0  0027
?___fttol                      cstackBANK0  0030
?___lldiv                      cstackCOMMON 0070
?___llmod                      cstackBANK0  0020
?___lltoft                     cstackCOMMON 0078
?___wmul                       cstackCOMMON 0070
?_getADC10bitResult            cstackCOMMON 0070
?_isADCConversionReady         cstackCOMMON 0070
?_sprintf                      cstackBANK0  002A
Lcd_Cmd@a                      cstackCOMMON 0073
Lcd_Port@a                     cstackCOMMON 0070
Lcd_Set_Cursor@a               cstackCOMMON 0077
Lcd_Set_Cursor@b               cstackCOMMON 0074
Lcd_Set_Cursor@temp            cstackCOMMON 007A
Lcd_Set_Cursor@y               cstackCOMMON 0079
Lcd_Set_Cursor@z               cstackCOMMON 0078
Lcd_Write_Char@a               cstackCOMMON 0074
Lcd_Write_Char@temp            cstackCOMMON 0072
Lcd_Write_Char@y               cstackCOMMON 0073
Lcd_Write_String@a             cstackCOMMON 0078
Lcd_Write_String@i             cstackCOMMON 0076
_ADCON0bits                    (abs)        001F
_ADCON1                        (abs)        009F
_ADCON1bits                    (abs)        009F
_ADRESH                        (abs)        001E
_ADRESL                        (abs)        009E
_ANSEL                         (abs)        009B
_Lcd_Clear                     text25       0E02
_Lcd_Cmd                       text26       0E48
_Lcd_Init                      text24       0007
_Lcd_Port                      text27       0E60
_Lcd_Set_Cursor                text23       0F6D
_Lcd_Write_Char                text22       0F3A
_Lcd_Write_String              text21       0EB0
_OSCCONbits                    (abs)        008F
_PORTA                         (abs)        0005
_PORTB                         (abs)        0006
_PORTBbits                     (abs)        0006
_TRISAbits                     (abs)        0085
_TRISBbits                     (abs)        0086
__CFG_BOREN$ON                 (abs)        0000
__CFG_CCPMX$RB0                (abs)        0000
__CFG_CP$OFF                   (abs)        0000
__CFG_CPD$OFF                  (abs)        0000
__CFG_FCMEN$OFF                (abs)        0000
__CFG_FOSC$XT                  (abs)        0000
__CFG_IESO$OFF                 (abs)        0000
__CFG_LVP$OFF                  (abs)        0000
__CFG_MCLRE$ON                 (abs)        0000
__CFG_PWRTE$ON                 (abs)        0000
__CFG_WDTE$OFF                 (abs)        0000
__CFG_WRT$OFF                  (abs)        0000
__Habs1                        abs1         0000
__Hbank0                       bank0        0000
__Hbank1                       bank1        0000
__Hbank2                       bank2        0000
__Hbank3                       bank3        0000
__HbssBANK1                    bssBANK1     0000
__Hcinit                       cinit        0800
__Hclrtext                     clrtext      0000
__Hcode                        code         0000
__Hcommon                      common       0000
__Hconfig                      config       2009
__HcstackBANK0                 cstackBANK0  0000
__HcstackCOMMON                cstackCOMMON 0000
__Heeprom_data                 eeprom_data  0000
__Hend_init                    end_init     0002
__Hfunctab                     functab      0000
__Hidloc                       idloc        0000
__Hinit                        init         0000
__Hintentry                    intentry     0000
__Hmaintext                    maintext     0000
__Hpowerup                     powerup      0000
__Hram                         ram          0000
__Hreset_vec                   reset_vec    0000
__Hsfr0                        sfr0         0000
__Hsfr1                        sfr1         0000
__Hsfr2                        sfr2         0000
__Hsfr3                        sfr3         0000
__Hspace_0                     (abs)        2009
__Hspace_1                     (abs)        00B1
__Hspace_2                     (abs)        0000
__Hspace_3                     (abs)        0000
__Hstack                       stack        0000
__Hstrings                     strings      0000
__Htext                        text         0000
__Labs1                        abs1         0000
__Lbank0                       bank0        0000
__Lbank1                       bank1        0000
__Lbank2                       bank2        0000
__Lbank3                       bank3        0000
__LbssBANK1                    bssBANK1     0000
__Lcinit                       cinit        07F7
__Lclrtext                     clrtext      0000
__Lcode                        code         0000
__Lcommon                      common       0000
__Lconfig                      config       2007
__LcstackBANK0                 cstackBANK0  0000
__LcstackCOMMON                cstackCOMMON 0000
__Leeprom_data                 eeprom_data  0000
__Lend_init                    end_init     0000
__Lfunctab                     functab      0000
__Lidloc                       idloc        0000
__Linit                        init         0000
__Lintentry                    intentry     0000
__Lmaintext                    maintext     0000
__Lpowerup                     powerup      0000
__Lram                         ram          0000
__Lreset_vec                   reset_vec    0000
__Lsfr0                        sfr0         0000
__Lsfr1                        sfr1         0000
__Lsfr2                        sfr2         0000
__Lsfr3                        sfr3         0000
__Lspace_0                     (abs)        0000
__Lspace_1                     (abs)        0000
__Lspace_2                     (abs)        0000
__Lspace_3                     (abs)        0000
__Lstack                       stack        0000
__Lstrings                     strings      0000
__Ltext                        text         0000
__S0                           (abs)        2009
__S1                           (abs)        00B1
__S2                           (abs)        0000
__S3                           (abs)        0000
___awtoft                      text19       0ECD
___awtoft@c                    cstackCOMMON 0078
___awtoft@sign                 cstackCOMMON 007D
___ftadd                       text14       04E3
___ftadd@exp1                  cstackBANK0  0026
___ftadd@exp2                  cstackBANK0  0025
___ftadd@f1                    cstackCOMMON 0078
___ftadd@f2                    cstackCOMMON 007B
___ftadd@sign                  cstackBANK0  0024
___ftdiv                       text18       035A
___ftdiv@cntr                  cstackBANK0  0031
___ftdiv@exp                   cstackBANK0  0035
___ftdiv@f1                    cstackBANK0  002A
___ftdiv@f2                    cstackBANK0  0027
___ftdiv@f3                    cstackBANK0  0032
___ftdiv@sign                  cstackBANK0  0036
___ftge                        text17       004D
___ftge@ff1                    cstackCOMMON 0070
___ftge@ff2                    cstackCOMMON 0073
___ftmul                       text16       0411
___ftmul@cntr                  cstackBANK0  002E
___ftmul@exp                   cstackBANK0  002A
___ftmul@f1                    cstackBANK0  0020
___ftmul@f2                    cstackBANK0  0023
___ftmul@f3_as_product         cstackBANK0  002B
___ftmul@sign                  cstackBANK0  002F
___ftneg                       text15       0E0A
___ftneg@f1                    cstackCOMMON 0070
___ftpack                      text20       0108
___ftpack@arg                  cstackCOMMON 0070
___ftpack@exp                  cstackCOMMON 0073
___ftpack@sign                 cstackCOMMON 0074
___ftsub                       text13       0E7A
___ftsub@f1                    cstackBANK0  002A
___ftsub@f2                    cstackBANK0  0027
___fttol                       text12       0170
___fttol@exp1                  cstackBANK0  003D
___fttol@f1                    cstackBANK0  0030
___fttol@lval                  cstackBANK0  0039
___fttol@sign1                 cstackBANK0  0038
___int_sp                      stack        0000
___latbits                     (abs)        0001
___lldiv                       text10       00AA
___lldiv@counter               cstackCOMMON 007D
___lldiv@dividend              cstackCOMMON 0074
___lldiv@divisor               cstackCOMMON 0070
___lldiv@quotient              cstackCOMMON 0079
___llmod                       text9        0FB2
___llmod@counter               cstackBANK0  0029
___llmod@dividend              cstackBANK0  0024
___llmod@divisor               cstackBANK0  0020
___lltoft                      text11       0F10
___lltoft@c                    cstackCOMMON 0078
___lltoft@exp                  cstackCOMMON 007D
___sp                          stack        0000
___wmul                        text8        0EED
___wmul@multiplicand           cstackCOMMON 0072
___wmul@multiplier             cstackCOMMON 0070
___wmul@product                cstackCOMMON 0074
__end_of_Lcd_Clear             text25       0E0A
__end_of_Lcd_Cmd               text26       0E60
__end_of_Lcd_Init              text24       004D
__end_of_Lcd_Port              text27       0E7A
__end_of_Lcd_Set_Cursor        text23       0FB2
__end_of_Lcd_Write_Char        text22       0F6D
__end_of_Lcd_Write_String      text21       0ECD
__end_of___awtoft              text19       0EED
__end_of___ftadd               text14       05E9
__end_of___ftdiv               text18       0411
__end_of___ftge                text17       00AA
__end_of___ftmul               text16       04E3
__end_of___ftneg               text15       0E12
__end_of___ftpack              text20       0170
__end_of___ftsub               text13       0E95
__end_of___fttol               text12       01FE
__end_of___lldiv               text10       0108
__end_of___llmod               text9        1000
__end_of___lltoft              text11       0F3A
__end_of___wmul                text8        0F10
__end_of__initialization       cinit        07FD
__end_of__stringdata           strings      0839
__end_of__stringtab            strings      0806
__end_of_dpowers               strings      082E
__end_of_ftoa                  text5        02A9
__end_of_getADC10bitResult     text4        0EB0
__end_of_initADC               text3        0E48
__end_of_initADCConversion     text2        0007
__end_of_isADCConversionReady  text1        0E26
__end_of_isdigit               text7        0E34
__end_of_main                  maintext     035A
__end_of_sprintf               text6        07F7
__initialization               cinit        07F7
__pbssBANK1                    bssBANK1     00A0
__pcstackBANK0                 cstackBANK0  0020
__pcstackCOMMON                cstackCOMMON 0070
__pmaintext                    maintext     02A9
__pstrings                     strings      0800
__ptext1                       text1        0E1A
__ptext10                      text10       00AA
__ptext11                      text11       0F10
__ptext12                      text12       0170
__ptext13                      text13       0E7A
__ptext14                      text14       04E3
__ptext15                      text15       0E0A
__ptext16                      text16       0411
__ptext17                      text17       004D
__ptext18                      text18       035A
__ptext19                      text19       0ECD
__ptext2                       text2        0003
__ptext20                      text20       0108
__ptext21                      text21       0EB0
__ptext22                      text22       0F3A
__ptext23                      text23       0F6D
__ptext24                      text24       0007
__ptext25                      text25       0E02
__ptext26                      text26       0E48
__ptext27                      text27       0E60
__ptext3                       text3        0E34
__ptext4                       text4        0E95
__ptext5                       text5        01FE
__ptext6                       text6        05E9
__ptext7                       text7        0E26
__ptext8                       text8        0EED
__ptext9                       text9        0FB2
__size_of_Lcd_Clear            (abs)        0000
__size_of_Lcd_Cmd              (abs)        0000
__size_of_Lcd_Init             (abs)        0000
__size_of_Lcd_Port             (abs)        0000
__size_of_Lcd_Set_Cursor       (abs)        0000
__size_of_Lcd_Write_Char       (abs)        0000
__size_of_Lcd_Write_String     (abs)        0000
__size_of___awtoft             (abs)        0000
__size_of___ftadd              (abs)        0000
__size_of___ftdiv              (abs)        0000
__size_of___ftge               (abs)        0000
__size_of___ftmul              (abs)        0000
__size_of___ftneg              (abs)        0000
__size_of___ftpack             (abs)        0000
__size_of___ftsub              (abs)        0000
__size_of___fttol              (abs)        0000
__size_of___lldiv              (abs)        0000
__size_of___llmod              (abs)        0000
__size_of___lltoft             (abs)        0000
__size_of___wmul               (abs)        0000
__size_of_ftoa                 (abs)        0000
__size_of_getADC10bitResult    (abs)        0000
__size_of_initADC              (abs)        0000
__size_of_initADCConversion    (abs)        0000
__size_of_isADCConversionReady (abs)        0000
__size_of_isdigit              (abs)        0000
__size_of_main                 (abs)        0000
__size_of_sprintf              (abs)        0000
__stringbase                   strings      0805
__stringdata                   strings      082E
__stringtab                    strings      0800
_dpowers                       strings      0806
_ftoa                          text5        01FE
_getADC10bitResult             text4        0E95
_initADC                       text3        0E34
_initADCConversion             text2        0003
_isADCConversionReady          text1        0E1A
_isdigit                       text7        0E26
_isdigit$519                   cstackCOMMON 0070
_main                          maintext     02A9
_sprintf                       text6        05E9
btemp                          (abs)        007E
clear_ram0                     clrtext      0E12
end_of_initialization          cinit        07FD
ftoa@buf                       bssBANK1     00A0
ftoa@cp                        cstackBANK0  0051
ftoa@f                         cstackBANK0  0044
ftoa@l                         cstackBANK0  004D
ftoa@rem                       cstackBANK0  0049
ftoa@status                    cstackBANK0  0047
getADC10bitResult@adresh       cstackCOMMON 0074
getADC10bitResult@adresl       cstackCOMMON 0073
getADC10bitResult@result       cstackCOMMON 0075
intlevel0                      functab      0000
intlevel1                      functab      0000
intlevel2                      functab      0000
intlevel3                      functab      0000
intlevel4                      functab      0000
intlevel5                      functab      0000
isdigit@c                      cstackCOMMON 0071
ltemp                          (abs)        007E
ltemp0                         (abs)        007E
ltemp1                         (abs)        0082
ltemp2                         (abs)        0086
ltemp3                         (abs)        0080
main@currentValue              cstackBANK0  005B
main@maxValue                  cstackBANK0  0055
main@minValue                  cstackBANK0  0052
main@result                    cstackBANK0  005E
main@unitValue                 cstackBANK0  0058
reset_vec                      reset_vec    0000
sprintf@_val                   cstackBANK0  003A
sprintf@ap                     cstackBANK0  0039
sprintf@c                      cstackBANK0  0043
sprintf@f                      cstackBANK0  002A
sprintf@flag                   cstackBANK0  0038
sprintf@prec                   cstackBANK0  0041
sprintf@sp                     cstackBANK0  003E
sprintf@width                  cstackBANK0  003F
stackhi                        (abs)        0000
stacklo                        (abs)        0000
start                          init         0000
start_initialization           cinit        07F7
ttemp                          (abs)        007E
ttemp0                         (abs)        007E
ttemp1                         (abs)        0081
ttemp2                         (abs)        0084
ttemp3                         (abs)        0087
ttemp4                         (abs)        007F
wtemp                          (abs)        007E
wtemp0                         (abs)        007E
wtemp1                         (abs)        0080
wtemp2                         (abs)        0082
wtemp3                         (abs)        0084
wtemp4                         (abs)        0086
wtemp5                         (abs)        0088
wtemp6                         (abs)        007F


FUNCTION INFORMATION:

 *************** function _main *****************
 Defined at:
		line 30 in file "F:\PROJECTS\PROGRAMMING\16F88-ADC-LCD-XC8\FIRMWARE\PIC16F88\src\main.c"
 Parameters:    Size  Location     Type
		None
 Auto vars:     Size  Location     Type
  currentValue    3   59[BANK0 ] float 
  unitValue       3   56[BANK0 ] float 
  maxValue        3   53[BANK0 ] float 
  minValue        3   50[BANK0 ] float 
  result          2   62[BANK0 ] int 
 Return value:  Size  Location     Type
		None               void
 Registers used:
		wreg, fsr0l, fsr0h, status,2, status,0, pclath, cstack
 Tracked objects:
		On entry : 
		On exit  : 
		Unchanged: 
 Data sizes:     COMMON   BANK0   BANK1   BANK3   BANK2
      Params:         0       0       0       0       0
      Locals:         0      14       0       0       0
      Temps:          0       0       0       0       0
      Totals:         0      14       0       0       0
Total ram usage:       14 bytes
 Hardware stack levels required when called:    4
 This function calls:
		_Lcd_Clear
		_Lcd_Init
		_Lcd_Set_Cursor
		_Lcd_Write_String
		___awtoft
		___ftadd
		___ftdiv
		___ftmul
		___ftneg
		_ftoa
		_getADC10bitResult
		_initADC
		_initADCConversion
		_isADCConversionReady
 This function is called by:
		Startup code after reset
 This function uses a non-reentrant model


 *************** function _isADCConversionReady *****************
 Defined at:
		line 102 in file "F:\PROJECTS\PROGRAMMING\16F88-ADC-LCD-XC8\FIRMWARE\PIC16F88\src\ADC.h"
 Parameters:    Size  Location     Type
		None
 Auto vars:     Size  Location     Type
		None
 Return value:  Size  Location     Type
                  2    0[COMMON] int 
 Registers used:
		wreg, status,2
 Tracked objects:
		On entry : 
		On exit  : 
		Unchanged: 
 Data sizes:     COMMON   BANK0   BANK1   BANK3   BANK2
      Params:         2       0       0       0       0
      Locals:         0       0       0       0       0
      Temps:          0       0       0       0       0
      Totals:         2       0       0       0       0
Total ram usage:        2 bytes
 Hardware stack levels used:    1
 This function calls:
		Nothing
 This function is called by:
		_main
 This function uses a non-reentrant model


 *************** function _initADCConversion *****************
 Defined at:
		line 99 in file "F:\PROJECTS\PROGRAMMING\16F88-ADC-LCD-XC8\FIRMWARE\PIC16F88\src\ADC.h"
 Parameters:    Size  Location     Type
		None
 Auto vars:     Size  Location     Type
		None
 Return value:  Size  Location     Type
		None               void
 Registers used:
		None
 Tracked objects:
		On entry : 
		On exit  : 
		Unchanged: 
 Data sizes:     COMMON   BANK0   BANK1   BANK3   BANK2
      Params:         0       0       0       0       0
      Locals:         0       0       0       0       0
      Temps:          0       0       0       0       0
      Totals:         0       0       0       0       0
Total ram usage:        0 bytes
 Hardware stack levels used:    1
 This function calls:
		Nothing
 This function is called by:
		_main
 This function uses a non-reentrant model


 *************** function _initADC *****************
 Defined at:
		line 8 in file "F:\PROJECTS\PROGRAMMING\16F88-ADC-LCD-XC8\FIRMWARE\PIC16F88\src\ADC.h"
 Parameters:    Size  Location     Type
		None
 Auto vars:     Size  Location     Type
		None
 Return value:  Size  Location     Type
		None               void
 Registers used:
		wreg, status,2
 Tracked objects:
		On entry : 
		On exit  : 
		Unchanged: 
 Data sizes:     COMMON   BANK0   BANK1   BANK3   BANK2
      Params:         0       0       0       0       0
      Locals:         0       0       0       0       0
      Temps:          1       0       0       0       0
      Totals:         1       0       0       0       0
Total ram usage:        1 bytes
 Hardware stack levels used:    1
 This function calls:
		Nothing
 This function is called by:
		_main
 This function uses a non-reentrant model


 *************** function _getADC10bitResult *****************
 Defined at:
		line 107 in file "F:\PROJECTS\PROGRAMMING\16F88-ADC-LCD-XC8\FIRMWARE\PIC16F88\src\ADC.h"
 Parameters:    Size  Location     Type
		None
 Auto vars:     Size  Location     Type
  result          2    5[COMMON] int 
  adresh          1    4[COMMON] unsigned char 
  adresl          1    3[COMMON] unsigned char 
 Return value:  Size  Location     Type
                  2    0[COMMON] int 
 Registers used:
		wreg, status,2, status,0
 Tracked objects:
		On entry : 
		On exit  : 
		Unchanged: 
 Data sizes:     COMMON   BANK0   BANK1   BANK3   BANK2
      Params:         2       0       0       0       0
      Locals:         4       0       0       0       0
      Temps:          1       0       0       0       0
      Totals:         7       0       0       0       0
Total ram usage:        7 bytes
 Hardware stack levels used:    1
 This function calls:
		Nothing
 This function is called by:
		_main
 This function uses a non-reentrant model


 *************** function _ftoa *****************
 Defined at:
		line 6 in file "C:\Program Files (x86)\Microchip\xc8\v1.33\sources\common\ftoa.c"
 Parameters:    Size  Location     Type
  f               3   36[BANK0 ] float 
  status          1   39[BANK0 ] PTR int 
		 -> NULL(0), 
 Auto vars:     Size  Location     Type
  l               4   45[BANK0 ] unsigned long 
  rem             4   41[BANK0 ] unsigned long 
  cp              1   49[BANK0 ] PTR unsigned char 
		 -> ftoa@buf(17), 
 Return value:  Size  Location     Type
                  1    wreg      PTR unsigned char 
 Registers used:
		wreg, fsr0l, fsr0h, status,2, status,0, pclath, cstack
 Tracked objects:
		On entry : 
		On exit  : 
		Unchanged: 
 Data sizes:     COMMON   BANK0   BANK1   BANK3   BANK2
      Params:         0       4       0       0       0
      Locals:         0       9       0       0       0
      Temps:          0       1       0       0       0
      Totals:         0      14       0       0       0
Total ram usage:       14 bytes
 Hardware stack levels used:    1
 Hardware stack levels required when called:    3
 This function calls:
		___ftge
		___ftmul
		___ftneg
		___ftsub
		___fttol
		___lltoft
		_sprintf
 This function is called by:
		_main
 This function uses a non-reentrant model


 *************** function _sprintf *****************
 Defined at:
		line 492 in file "C:\Program Files (x86)\Microchip\xc8\v1.33\sources\common\doprnt.c"
 Parameters:    Size  Location     Type
  sp              1    wreg     PTR unsigned char 
		 -> ftoa@buf(17), 
  f               1   10[BANK0 ] PTR const unsigned char 
		 -> STR_1(11), 
 Auto vars:     Size  Location     Type
  sp              1   30[BANK0 ] PTR unsigned char 
		 -> ftoa@buf(17), 
  _val            4   26[BANK0 ] struct .
  prec            2   33[BANK0 ] int 
  width           2   31[BANK0 ] int 
  c               1   35[BANK0 ] char 
  ap              1   25[BANK0 ] PTR void [1]
		 -> ?_sprintf(2), 
  flag            1   24[BANK0 ] unsigned char 
 Return value:  Size  Location     Type
                  2   10[BANK0 ] int 
 Registers used:
		wreg, fsr0l, fsr0h, status,2, status,0, pclath, cstack
 Tracked objects:
		On entry : 
		On exit  : 
		Unchanged: 
 Data sizes:     COMMON   BANK0   BANK1   BANK3   BANK2
      Params:         0       9       0       0       0
      Locals:         0      12       0       0       0
      Temps:          0       5       0       0       0
      Totals:         0      26       0       0       0
Total ram usage:       26 bytes
 Hardware stack levels used:    1
 Hardware stack levels required when called:    1
 This function calls:
		___lldiv
		___llmod
		___wmul
		_isdigit
 This function is called by:
		_ftoa
 This function uses a non-reentrant model


 *************** function _isdigit *****************
 Defined at:
		line 8 in file "C:\Program Files (x86)\Microchip\xc8\v1.33\sources\common\isdigit.c"
 Parameters:    Size  Location     Type
  c               1    wreg     unsigned char 
 Auto vars:     Size  Location     Type
  c               1    1[COMMON] unsigned char 
 Return value:  Size  Location     Type
		None               void
 Registers used:
		wreg, status,2, status,0
 Tracked objects:
		On entry : 
		On exit  : 
		Unchanged: 
 Data sizes:     COMMON   BANK0   BANK1   BANK3   BANK2
      Params:         0       0       0       0       0
      Locals:         2       0       0       0       0
      Temps:          0       0       0       0       0
      Totals:         2       0       0       0       0
Total ram usage:        2 bytes
 Hardware stack levels used:    1
 This function calls:
		Nothing
 This function is called by:
		_sprintf
 This function uses a non-reentrant model


 *************** function ___wmul *****************
 Defined at:
		line 15 in file "C:\Program Files (x86)\Microchip\xc8\v1.33\sources\common\Umul16.c"
 Parameters:    Size  Location     Type
  multiplier      2    0[COMMON] unsigned int 
  multiplicand    2    2[COMMON] unsigned int 
 Auto vars:     Size  Location     Type
  product         2    4[COMMON] unsigned int 
 Return value:  Size  Location     Type
                  2    0[COMMON] unsigned int 
 Registers used:
		wreg, status,2, status,0
 Tracked objects:
		On entry : 
		On exit  : 
		Unchanged: 
 Data sizes:     COMMON   BANK0   BANK1   BANK3   BANK2
      Params:         4       0       0       0       0
      Locals:         2       0       0       0       0
      Temps:          0       0       0       0       0
      Totals:         6       0       0       0       0
Total ram usage:        6 bytes
 Hardware stack levels used:    1
 This function calls:
		Nothing
 This function is called by:
		_sprintf
 This function uses a non-reentrant model


 *************** function ___llmod *****************
 Defined at:
		line 6 in file "C:\Program Files (x86)\Microchip\xc8\v1.33\sources\common\llmod.c"
 Parameters:    Size  Location     Type
  divisor         4    0[BANK0 ] unsigned long 
  dividend        4    4[BANK0 ] unsigned long 
 Auto vars:     Size  Location     Type
  counter         1    9[BANK0 ] unsigned char 
 Return value:  Size  Location     Type
                  4    0[BANK0 ] unsigned long 
 Registers used:
		wreg, status,2, status,0
 Tracked objects:
		On entry : 
		On exit  : 
		Unchanged: 
 Data sizes:     COMMON   BANK0   BANK1   BANK3   BANK2
      Params:         0       8       0       0       0
      Locals:         0       1       0       0       0
      Temps:          0       1       0       0       0
      Totals:         0      10       0       0       0
Total ram usage:       10 bytes
 Hardware stack levels used:    1
 This function calls:
		Nothing
 This function is called by:
		_sprintf
 This function uses a non-reentrant model


 *************** function ___lldiv *****************
 Defined at:
		line 6 in file "C:\Program Files (x86)\Microchip\xc8\v1.33\sources\common\lldiv.c"
 Parameters:    Size  Location     Type
  divisor         4    0[COMMON] unsigned long 
  dividend        4    4[COMMON] unsigned long 
 Auto vars:     Size  Location     Type
  quotient        4    9[COMMON] unsigned long 
  counter         1   13[COMMON] unsigned char 
 Return value:  Size  Location     Type
                  4    0[COMMON] unsigned long 
 Registers used:
		wreg, status,2, status,0
 Tracked objects:
		On entry : 
		On exit  : 
		Unchanged: 
 Data sizes:     COMMON   BANK0   BANK1   BANK3   BANK2
      Params:         8       0       0       0       0
      Locals:         5       0       0       0       0
      Temps:          1       0       0       0       0
      Totals:        14       0       0       0       0
Total ram usage:       14 bytes
 Hardware stack levels used:    1
 This function calls:
		Nothing
 This function is called by:
		_sprintf
 This function uses a non-reentrant model


 *************** function ___lltoft *****************
 Defined at:
		line 35 in file "C:\Program Files (x86)\Microchip\xc8\v1.33\sources\common\lltoft.c"
 Parameters:    Size  Location     Type
  c               4    8[COMMON] unsigned long 
 Auto vars:     Size  Location     Type
  exp             1   13[COMMON] unsigned char 
 Return value:  Size  Location     Type
                  3    8[COMMON] float 
 Registers used:
		wreg, status,2, status,0, pclath, cstack
 Tracked objects:
		On entry : 
		On exit  : 
		Unchanged: 
 Data sizes:     COMMON   BANK0   BANK1   BANK3   BANK2
      Params:         4       0       0       0       0
      Locals:         1       0       0       0       0
      Temps:          1       0       0       0       0
      Totals:         6       0       0       0       0
Total ram usage:        6 bytes
 Hardware stack levels used:    1
 Hardware stack levels required when called:    1
 This function calls:
		___ftpack
 This function is called by:
		_ftoa
 This function uses a non-reentrant model


 *************** function ___fttol *****************
 Defined at:
		line 44 in file "C:\Program Files (x86)\Microchip\xc8\v1.33\sources\common\fttol.c"
 Parameters:    Size  Location     Type
  f1              3   16[BANK0 ] float 
 Auto vars:     Size  Location     Type
  lval            4   25[BANK0 ] unsigned long 
  exp1            1   29[BANK0 ] unsigned char 
  sign1           1   24[BANK0 ] unsigned char 
 Return value:  Size  Location     Type
                  4   16[BANK0 ] long 
 Registers used:
		wreg, status,2, status,0
 Tracked objects:
		On entry : 
		On exit  : 
		Unchanged: 
 Data sizes:     COMMON   BANK0   BANK1   BANK3   BANK2
      Params:         0       4       0       0       0
      Locals:         0       6       0       0       0
      Temps:          0       4       0       0       0
      Totals:         0      14       0       0       0
Total ram usage:       14 bytes
 Hardware stack levels used:    1
 This function calls:
		Nothing
 This function is called by:
		_ftoa
 This function uses a non-reentrant model


 *************** function ___ftsub *****************
 Defined at:
		line 18 in file "C:\Program Files (x86)\Microchip\xc8\v1.33\sources\common\ftsub.c"
 Parameters:    Size  Location     Type
  f2              3    7[BANK0 ] float 
  f1              3   10[BANK0 ] float 
 Auto vars:     Size  Location     Type
		None
 Return value:  Size  Location     Type
                  3    7[BANK0 ] float 
 Registers used:
		wreg, status,2, status,0, pclath, cstack
 Tracked objects:
		On entry : 
		On exit  : 
		Unchanged: 
 Data sizes:     COMMON   BANK0   BANK1   BANK3   BANK2
      Params:         0       6       0       0       0
      Locals:         0       0       0       0       0
      Temps:          0       0       0       0       0
      Totals:         0       6       0       0       0
Total ram usage:        6 bytes
 Hardware stack levels used:    1
 Hardware stack levels required when called:    2
 This function calls:
		___ftadd
 This function is called by:
		_ftoa
 This function uses a non-reentrant model


 *************** function ___ftadd *****************
 Defined at:
		line 86 in file "C:\Program Files (x86)\Microchip\xc8\v1.33\sources\common\ftadd.c"
 Parameters:    Size  Location     Type
  f1              3    8[COMMON] float 
  f2              3   11[COMMON] float 
 Auto vars:     Size  Location     Type
  exp1            1    6[BANK0 ] unsigned char 
  exp2            1    5[BANK0 ] unsigned char 
  sign            1    4[BANK0 ] unsigned char 
 Return value:  Size  Location     Type
                  3    8[COMMON] float 
 Registers used:
		wreg, status,2, status,0, pclath, cstack
 Tracked objects:
		On entry : 
		On exit  : 
		Unchanged: 
 Data sizes:     COMMON   BANK0   BANK1   BANK3   BANK2
      Params:         6       0       0       0       0
      Locals:         0       3       0       0       0
      Temps:          0       4       0       0       0
      Totals:         6       7       0       0       0
Total ram usage:       13 bytes
 Hardware stack levels used:    1
 Hardware stack levels required when called:    1
 This function calls:
		___ftpack
 This function is called by:
		_main
		___ftsub
 This function uses a non-reentrant model


 *************** function ___ftneg *****************
 Defined at:
		line 15 in file "C:\Program Files (x86)\Microchip\xc8\v1.33\sources\common\ftneg.c"
 Parameters:    Size  Location     Type
  f1              3    0[COMMON] float 
 Auto vars:     Size  Location     Type
		None
 Return value:  Size  Location     Type
                  3    0[COMMON] float 
 Registers used:
		wreg
 Tracked objects:
		On entry : 
		On exit  : 
		Unchanged: 
 Data sizes:     COMMON   BANK0   BANK1   BANK3   BANK2
      Params:         3       0       0       0       0
      Locals:         0       0       0       0       0
      Temps:          0       0       0       0       0
      Totals:         3       0       0       0       0
Total ram usage:        3 bytes
 Hardware stack levels used:    1
 This function calls:
		Nothing
 This function is called by:
		_main
		_ftoa
 This function uses a non-reentrant model


 *************** function ___ftmul *****************
 Defined at:
		line 62 in file "C:\Program Files (x86)\Microchip\xc8\v1.33\sources\common\ftmul.c"
 Parameters:    Size  Location     Type
  f1              3    0[BANK0 ] float 
  f2              3    3[BANK0 ] float 
 Auto vars:     Size  Location     Type
  f3_as_produc    3   11[BANK0 ] unsigned um
  sign            1   15[BANK0 ] unsigned char 
  cntr            1   14[BANK0 ] unsigned char 
  exp             1   10[BANK0 ] unsigned char 
 Return value:  Size  Location     Type
                  3    0[BANK0 ] float 
 Registers used:
		wreg, status,2, status,0, pclath, cstack
 Tracked objects:
		On entry : 
		On exit  : 
		Unchanged: 
 Data sizes:     COMMON   BANK0   BANK1   BANK3   BANK2
      Params:         0       6       0       0       0
      Locals:         0       6       0       0       0
      Temps:          0       4       0       0       0
      Totals:         0      16       0       0       0
Total ram usage:       16 bytes
 Hardware stack levels used:    1
 Hardware stack levels required when called:    1
 This function calls:
		___ftpack
 This function is called by:
		_main
		_ftoa
 This function uses a non-reentrant model


 *************** function ___ftge *****************
 Defined at:
		line 4 in file "C:\Program Files (x86)\Microchip\xc8\v1.33\sources\common\ftge.c"
 Parameters:    Size  Location     Type
  ff1             3    0[COMMON] float 
  ff2             3    3[COMMON] float 
 Auto vars:     Size  Location     Type
		None
 Return value:  Size  Location     Type
		None               void
 Registers used:
		wreg, status,2, status,0
 Tracked objects:
		On entry : 
		On exit  : 
		Unchanged: 
 Data sizes:     COMMON   BANK0   BANK1   BANK3   BANK2
      Params:         6       0       0       0       0
      Locals:         0       0       0       0       0
      Temps:          6       0       0       0       0
      Totals:        12       0       0       0       0
Total ram usage:       12 bytes
 Hardware stack levels used:    1
 This function calls:
		Nothing
 This function is called by:
		_ftoa
 This function uses a non-reentrant model


 *************** function ___ftdiv *****************
 Defined at:
		line 49 in file "C:\Program Files (x86)\Microchip\xc8\v1.33\sources\pic\ftdiv.c"
 Parameters:    Size  Location     Type
  f2              3    7[BANK0 ] float 
  f1              3   10[BANK0 ] float 
 Auto vars:     Size  Location     Type
  f3              3   18[BANK0 ] float 
  sign            1   22[BANK0 ] unsigned char 
  exp             1   21[BANK0 ] unsigned char 
  cntr            1   17[BANK0 ] unsigned char 
 Return value:  Size  Location     Type
                  3    7[BANK0 ] float 
 Registers used:
		wreg, status,2, status,0, pclath, cstack
 Tracked objects:
		On entry : 
		On exit  : 
		Unchanged: 
 Data sizes:     COMMON   BANK0   BANK1   BANK3   BANK2
      Params:         0       6       0       0       0
      Locals:         0       6       0       0       0
      Temps:          0       4       0       0       0
      Totals:         0      16       0       0       0
Total ram usage:       16 bytes
 Hardware stack levels used:    1
 Hardware stack levels required when called:    1
 This function calls:
		___ftpack
 This function is called by:
		_main
 This function uses a non-reentrant model


 *************** function ___awtoft *****************
 Defined at:
		line 32 in file "C:\Program Files (x86)\Microchip\xc8\v1.33\sources\common\awtoft.c"
 Parameters:    Size  Location     Type
  c               2    8[COMMON] int 
 Auto vars:     Size  Location     Type
  sign            1   13[COMMON] unsigned char 
 Return value:  Size  Location     Type
                  3    8[COMMON] float 
 Registers used:
		wreg, status,2, status,0, pclath, cstack
 Tracked objects:
		On entry : 
		On exit  : 
		Unchanged: 
 Data sizes:     COMMON   BANK0   BANK1   BANK3   BANK2
      Params:         3       0       0       0       0
      Locals:         1       0       0       0       0
      Temps:          2       0       0       0       0
      Totals:         6       0       0       0       0
Total ram usage:        6 bytes
 Hardware stack levels used:    1
 Hardware stack levels required when called:    1
 This function calls:
		___ftpack
 This function is called by:
		_main
 This function uses a non-reentrant model


 *************** function ___ftpack *****************
 Defined at:
		line 62 in file "C:\Program Files (x86)\Microchip\xc8\v1.33\sources\common\float.c"
 Parameters:    Size  Location     Type
  arg             3    0[COMMON] unsigned um
  exp             1    3[COMMON] unsigned char 
  sign            1    4[COMMON] unsigned char 
 Auto vars:     Size  Location     Type
		None
 Return value:  Size  Location     Type
                  3    0[COMMON] float 
 Registers used:
		wreg, status,2, status,0
 Tracked objects:
		On entry : 
		On exit  : 
		Unchanged: 
 Data sizes:     COMMON   BANK0   BANK1   BANK3   BANK2
      Params:         5       0       0       0       0
      Locals:         0       0       0       0       0
      Temps:          3       0       0       0       0
      Totals:         8       0       0       0       0
Total ram usage:        8 bytes
 Hardware stack levels used:    1
 This function calls:
		Nothing
 This function is called by:
		___awtoft
		___ftadd
		___ftdiv
		___ftmul
		___lltoft
 This function uses a non-reentrant model


 *************** function _Lcd_Write_String *****************
 Defined at:
		line 97 in file "F:\PROJECTS\PROGRAMMING\16F88-ADC-LCD-XC8\FIRMWARE\PIC16F88\src\LCD.h"
 Parameters:    Size  Location     Type
  a               1    wreg     PTR unsigned char 
		 -> ftoa@buf(17), 
 Auto vars:     Size  Location     Type
  a               1    8[COMMON] PTR unsigned char 
		 -> ftoa@buf(17), 
  i               2    6[COMMON] int 
 Return value:  Size  Location     Type
		None               void
 Registers used:
		wreg, fsr0l, fsr0h, status,2, status,0, pclath, cstack
 Tracked objects:
		On entry : 
		On exit  : 
		Unchanged: 
 Data sizes:     COMMON   BANK0   BANK1   BANK3   BANK2
      Params:         0       0       0       0       0
      Locals:         3       0       0       0       0
      Temps:          1       0       0       0       0
      Totals:         4       0       0       0       0
Total ram usage:        4 bytes
 Hardware stack levels used:    1
 Hardware stack levels required when called:    2
 This function calls:
		_Lcd_Write_Char
 This function is called by:
		_main
 This function uses a non-reentrant model


 *************** function _Lcd_Write_Char *****************
 Defined at:
		line 81 in file "F:\PROJECTS\PROGRAMMING\16F88-ADC-LCD-XC8\FIRMWARE\PIC16F88\src\LCD.h"
 Parameters:    Size  Location     Type
  a               1    wreg     unsigned char 
 Auto vars:     Size  Location     Type
  a               1    4[COMMON] unsigned char 
  y               1    3[COMMON] unsigned char 
  temp            1    2[COMMON] unsigned char 
 Return value:  Size  Location     Type
		None               void
 Registers used:
		wreg, status,2, status,0, pclath, cstack
 Tracked objects:
		On entry : 
		On exit  : 
		Unchanged: 
 Data sizes:     COMMON   BANK0   BANK1   BANK3   BANK2
      Params:         0       0       0       0       0
      Locals:         3       0       0       0       0
      Temps:          1       0       0       0       0
      Totals:         4       0       0       0       0
Total ram usage:        4 bytes
 Hardware stack levels used:    1
 Hardware stack levels required when called:    1
 This function calls:
		_Lcd_Port
 This function is called by:
		_Lcd_Write_String
 This function uses a non-reentrant model


 *************** function _Lcd_Set_Cursor *****************
 Defined at:
		line 41 in file "F:\PROJECTS\PROGRAMMING\16F88-ADC-LCD-XC8\FIRMWARE\PIC16F88\src\LCD.h"
 Parameters:    Size  Location     Type
  a               1    wreg     unsigned char 
  b               1    4[COMMON] unsigned char 
 Auto vars:     Size  Location     Type
  a               1    7[COMMON] unsigned char 
  temp            1   10[COMMON] unsigned char 
  y               1    9[COMMON] unsigned char 
  z               1    8[COMMON] unsigned char 
 Return value:  Size  Location     Type
		None               void
 Registers used:
		wreg, status,2, status,0, pclath, cstack
 Tracked objects:
		On entry : 
		On exit  : 
		Unchanged: 
 Data sizes:     COMMON   BANK0   BANK1   BANK3   BANK2
      Params:         1       0       0       0       0
      Locals:         4       0       0       0       0
      Temps:          2       0       0       0       0
      Totals:         7       0       0       0       0
Total ram usage:        7 bytes
 Hardware stack levels used:    1
 Hardware stack levels required when called:    2
 This function calls:
		_Lcd_Cmd
 This function is called by:
		_main
 This function uses a non-reentrant model


 *************** function _Lcd_Init *****************
 Defined at:
		line 62 in file "F:\PROJECTS\PROGRAMMING\16F88-ADC-LCD-XC8\FIRMWARE\PIC16F88\src\LCD.h"
 Parameters:    Size  Location     Type
		None
 Auto vars:     Size  Location     Type
		None
 Return value:  Size  Location     Type
		None               void
 Registers used:
		wreg, status,2, status,0, pclath, cstack
 Tracked objects:
		On entry : 
		On exit  : 
		Unchanged: 
 Data sizes:     COMMON   BANK0   BANK1   BANK3   BANK2
      Params:         0       0       0       0       0
      Locals:         0       0       0       0       0
      Temps:          2       0       0       0       0
      Totals:         2       0       0       0       0
Total ram usage:        2 bytes
 Hardware stack levels used:    1
 Hardware stack levels required when called:    2
 This function calls:
		_Lcd_Cmd
		_Lcd_Port
 This function is called by:
		_main
 This function uses a non-reentrant model


 *************** function _Lcd_Clear *****************
 Defined at:
		line 35 in file "F:\PROJECTS\PROGRAMMING\16F88-ADC-LCD-XC8\FIRMWARE\PIC16F88\src\LCD.h"
 Parameters:    Size  Location     Type
		None
 Auto vars:     Size  Location     Type
		None
 Return value:  Size  Location     Type
                  2   57[COMMON] int 
 Registers used:
		wreg, status,2, status,0, pclath, cstack
 Tracked objects:
		On entry : 
		On exit  : 
		Unchanged: 
 Data sizes:     COMMON   BANK0   BANK1   BANK3   BANK2
      Params:         0       0       0       0       0
      Locals:         0       0       0       0       0
      Temps:          0       0       0       0       0
      Totals:         0       0       0       0       0
Total ram usage:        0 bytes
 Hardware stack levels used:    1
 Hardware stack levels required when called:    2
 This function calls:
		_Lcd_Cmd
 This function is called by:
		_main
 This function uses a non-reentrant model


 *************** function _Lcd_Cmd *****************
 Defined at:
		line 26 in file "F:\PROJECTS\PROGRAMMING\16F88-ADC-LCD-XC8\FIRMWARE\PIC16F88\src\LCD.h"
 Parameters:    Size  Location     Type
  a               1    wreg     unsigned char 
 Auto vars:     Size  Location     Type
  a               1    3[COMMON] unsigned char 
 Return value:  Size  Location     Type
		None               void
 Registers used:
		wreg, status,2, status,0, pclath, cstack
 Tracked objects:
		On entry : 
		On exit  : 
		Unchanged: 
 Data sizes:     COMMON   BANK0   BANK1   BANK3   BANK2
      Params:         0       0       0       0       0
      Locals:         1       0       0       0       0
      Temps:          2       0       0       0       0
      Totals:         3       0       0       0       0
Total ram usage:        3 bytes
 Hardware stack levels used:    1
 Hardware stack levels required when called:    1
 This function calls:
		_Lcd_Port
 This function is called by:
		_Lcd_Clear
		_Lcd_Set_Cursor
		_Lcd_Init
		_Lcd_Shift_Right
		_Lcd_Shift_Left
 This function uses a non-reentrant model


 *************** function _Lcd_Port *****************
 Defined at:
		line 4 in file "F:\PROJECTS\PROGRAMMING\16F88-ADC-LCD-XC8\FIRMWARE\PIC16F88\src\LCD.h"
 Parameters:    Size  Location     Type
  a               1    wreg     unsigned char 
 Auto vars:     Size  Location     Type
  a               1    0[COMMON] unsigned char 
 Return value:  Size  Location     Type
		None               void
 Registers used:
		wreg
 Tracked objects:
		On entry : 
		On exit  : 
		Unchanged: 
 Data sizes:     COMMON   BANK0   BANK1   BANK3   BANK2
      Params:         0       0       0       0       0
      Locals:         1       0       0       0       0
      Temps:          0       0       0       0       0
      Totals:         1       0       0       0       0
Total ram usage:        1 bytes
 Hardware stack levels used:    1
 This function calls:
		Nothing
 This function is called by:
		_Lcd_Cmd
		_Lcd_Init
		_Lcd_Write_Char
 This function uses a non-reentrant model



MODULE INFORMATION

Module		Function		Class		Link	Load	Size
F:\PROJECTS\PROGRAMMING\16F88-ADC-LCD-XC8\FIRMWARE\PIC16F88\src\LCD.h
		_Lcd_Write_Stri		CODE           	0EB0	0000	29
		_Lcd_Init      		CODE           	0007	0000	70
		_Lcd_Write_Char		CODE           	0F3A	0000	51
		_Lcd_Cmd       		CODE           	0E48	0000	24
		_Lcd_Set_Cursor		CODE           	0F6D	0000	69
		_Lcd_Clear     		CODE           	0E02	0000	8
		_Lcd_Port      		CODE           	0E60	0000	26

F:\PROJECTS\PROGRAMMING\16F88-ADC-LCD-XC8\FIRMWARE\PIC16F88\src\LCD.h estimated size: 277

F:\PROJECTS\PROGRAMMING\16F88-ADC-LCD-XC8\FIRMWARE\PIC16F88\src\main.c
		_main          		CODE           	02A9	0000	177

F:\PROJECTS\PROGRAMMING\16F88-ADC-LCD-XC8\FIRMWARE\PIC16F88\src\main.c estimated size: 177

C:\Program Files (x86)\Microchip\xc8\v1.33\sources\common\ftneg.c
		___ftneg       		CODE           	0E0A	0000	8

C:\Program Files (x86)\Microchip\xc8\v1.33\sources\common\ftneg.c estimated size: 8

C:\Program Files (x86)\Microchip\xc8\v1.33\sources\common\ftge.c
		___ftge        		CODE           	004D	0000	93

C:\Program Files (x86)\Microchip\xc8\v1.33\sources\common\ftge.c estimated size: 93

C:\Program Files (x86)\Microchip\xc8\v1.33\sources\common\doprnt.c
		_sprintf       		CODE           	05E9	0000	526

C:\Program Files (x86)\Microchip\xc8\v1.33\sources\common\doprnt.c estimated size: 526

C:\Program Files (x86)\Microchip\xc8\v1.33\sources\common\ftsub.c
		___ftsub       		CODE           	0E7A	0000	27

C:\Program Files (x86)\Microchip\xc8\v1.33\sources\common\ftsub.c estimated size: 27

C:\Program Files (x86)\Microchip\xc8\v1.33\sources\common\float.c
		___ftpack      		CODE           	0108	0000	104

C:\Program Files (x86)\Microchip\xc8\v1.33\sources\common\float.c estimated size: 104

C:\Program Files (x86)\Microchip\xc8\v1.33\sources\common\Umul16.c
		___wmul        		CODE           	0EED	0000	35

C:\Program Files (x86)\Microchip\xc8\v1.33\sources\common\Umul16.c estimated size: 35

C:\Program Files (x86)\Microchip\xc8\v1.33\sources\common\llmod.c
		___llmod       		CODE           	0FB2	0000	78

C:\Program Files (x86)\Microchip\xc8\v1.33\sources\common\llmod.c estimated size: 78

C:\Program Files (x86)\Microchip\xc8\v1.33\sources\common\ftmul.c
		___ftmul       		CODE           	0411	0000	210

C:\Program Files (x86)\Microchip\xc8\v1.33\sources\common\ftmul.c estimated size: 210

C:\Program Files (x86)\Microchip\xc8\v1.33\sources\common\lldiv.c
		___lldiv       		CODE           	00AA	0000	94

C:\Program Files (x86)\Microchip\xc8\v1.33\sources\common\lldiv.c estimated size: 94

shared
		__stringtab    		STRING         	0800	0000	6
		__stringdata   		STRING         	082E	0000	11
		_dpowers       		STRING         	0806	0000	40
		__initializatio		CODE           	07F7	0000	6

shared estimated size: 63

C:\Program Files (x86)\Microchip\xc8\v1.33\sources\common\fttol.c
		___fttol       		CODE           	0170	0000	142

C:\Program Files (x86)\Microchip\xc8\v1.33\sources\common\fttol.c estimated size: 142

C:\Program Files (x86)\Microchip\xc8\v1.33\sources\common\awtoft.c
		___awtoft      		CODE           	0ECD	0000	32

C:\Program Files (x86)\Microchip\xc8\v1.33\sources\common\awtoft.c estimated size: 32

F:\PROJECTS\PROGRAMMING\16F88-ADC-LCD-XC8\FIRMWARE\PIC16F88\src\ADC.h
		_initADCConvers		CODE           	0003	0000	4
		_isADCConversio		CODE           	0E1A	0000	12
		_initADC       		CODE           	0E34	0000	20
		_getADC10bitRes		CODE           	0E95	0000	27

F:\PROJECTS\PROGRAMMING\16F88-ADC-LCD-XC8\FIRMWARE\PIC16F88\src\ADC.h estimated size: 63

C:\Program Files (x86)\Microchip\xc8\v1.33\sources\common\ftadd.c
		___ftadd       		CODE           	04E3	0000	262

C:\Program Files (x86)\Microchip\xc8\v1.33\sources\common\ftadd.c estimated size: 262

C:\Program Files (x86)\Microchip\xc8\v1.33\sources\common\ftoa.c
		_ftoa          		CODE           	01FE	0000	171

C:\Program Files (x86)\Microchip\xc8\v1.33\sources\common\ftoa.c estimated size: 171

C:\Program Files (x86)\Microchip\xc8\v1.33\sources\pic\ftdiv.c
		___ftdiv       		CODE           	035A	0000	183

C:\Program Files (x86)\Microchip\xc8\v1.33\sources\pic\ftdiv.c estimated size: 183

C:\Program Files (x86)\Microchip\xc8\v1.33\sources\common\lltoft.c
		___lltoft      		CODE           	0F10	0000	42

C:\Program Files (x86)\Microchip\xc8\v1.33\sources\common\lltoft.c estimated size: 42

C:\Program Files (x86)\Microchip\xc8\v1.33\sources\common\isdigit.c
		_isdigit       		CODE           	0E26	0000	14

C:\Program Files (x86)\Microchip\xc8\v1.33\sources\common\isdigit.c estimated size: 14

